
> jhuggee@0.1.0 build
> next build

  Γû▓ Next.js 14.2.0
  - Environments: .env.local

   Creating an optimized production build ...
 Γ£ô Compiled successfully
   Linting and checking validity of types ...
node.exe : Failed to compile.
At line:1 char:1
+ & "C:\Program Files\nodejs/node.exe" "C:\Program 
Files\nodejs/node_mo ...
+ ~~~~~~~~~~~~~~~~~~~~~~~~~~~~~~~~~~~~~~~~~~~~~~~~~~~~~~~
~~~~~~~~~~~~~~
    + CategoryInfo          : NotSpecified: (Failed     
to compile.:String) [], RemoteException
    + FullyQualifiedErrorId : NativeCommandError
 

./app/(main)/checkout/page.tsx:6:22
Type error: Could not find a declaration file for module 
'@cashfreepayments/cashfree-js'. 'E:/New folder (2)/jhugg
ee-fixed/node_modules/@cashfreepayments/cashfree-js/dist/
script.js' implicitly has an 'any' type.
  Try `npm i --save-dev 
@types/cashfreepayments__cashfree-js` if it exists or 
add a new declaration (.d.ts) file containing `declare 
module '@cashfreepayments/cashfree-js';`

[0m [90m 4 |[39m [36mimport[39m axios 
[36mfrom[39m [32m"axios"[39m[33m;[39m[0m
[0m [90m 5 |[39m [36mimport[39m toast 
[36mfrom[39m [32m"react-hot-toast"[39m[33m;[39m[0m
[0m[31m[1m>[22m[39m[90m 6 |[39m [36mimport[39m 
{ load } [36mfrom[39m 
[32m"@cashfreepayments/cashfree-js"[39m[33m;[39m[0m
[0m [90m   |[39m                      
[31m[1m^[22m[39m[0m
[0m [90m 7 |[39m [36mimport[39m { 
[33mMapPin[39m[33m,[39m [33mPlus[39m[33m,[39m 
[33mTrash2[39m[33m,[39m 
[33mBanknote[39m[33m,[39m 
[33mCreditCard[39m[33m,[39m 
[33mLandmark[39m[33m,[39m [33mSmartphone[39m } 
[36mfrom[39m [32m"lucide-react"[39m[33m;[39m[0m
[0m [90m 8 |[39m [36mimport[39m { useAuth } 
[36mfrom[39m 
[32m"@/context/AuthContext"[39m[33m;[39m[0m
[0m [90m 9 |[39m [36mimport[39m [33mButton[39m 
[36mfrom[39m 
[32m"@/components/ui/Button"[39m[33m;[39m[0m
